[✓] Flutter (Channel stable, 3.24.0, on Ubuntu 22.04.5 LTS 6.8.0-1064-azure, locale C.UTF-8)
    • Flutter version 3.24.0 on channel stable at /opt/hostedtoolcache/flutter/stable-3.24.0-x64/flutter
    • Upstream repository https://github.com/flutter/flutter.git
    • Framework revision 80c2e84975 (2 years, 2 months ago), 2024-07-30 23:06:49 +0700
    • Engine revision b8800d88be
    • Dart version 3.5.0
    • DevTools version 2.37.2

[!] Android toolchain - develop for Android devices (Android SDK version 37.0.0)
    • Android SDK at /usr/local/lib/android/sdk
    • Platform android-37.1, build-tools 37.0.0
    • ANDROID_HOME = /usr/local/lib/android/sdk
    • ANDROID_SDK_ROOT = /usr/local/lib/android/sdk
    • Java binary at: /opt/hostedtoolcache/Java_Temurin-Hotspot_jdk/17.0.20-1/x64/bin/java
    • Java version OpenJDK Runtime Environment Temurin-17.0.20.1+1 (build 17.0.20.1+1)
    ! Some Android licenses not accepted. To resolve this, run: flutter doctor --android-licenses

[✓] Chrome - develop for the web
    • Chrome at google-chrome

[✗] Linux toolchain - develop for Linux desktop
    • Ubuntu clang version 14.0.0-1ubuntu1.1
    • cmake version 3.31.6
    • ninja version 1.13.2
    • pkg-config version 1.8.0
    ✗ GTK 3.0 development libraries are required for Linux development.
      They are likely available from your distribution (e.g.: apt install libgtk-3-dev)

[!] Android Studio (not installed)
    • Android Studio not found; download from https://developer.android.com/studio/index.html
      (or visit https://flutter.dev/to/linux-android-setup for detailed instructions).

[✓] Connected device (2 available)
    • Linux (desktop) • linux  • linux-x64      • Ubuntu 22.04.5 LTS 6.8.0-1064-azure
    • Chrome (web)    • chrome • web-javascript • Google Chrome 154.0.8037.97

[✓] Network resources
    • All expected network resources are available.

! Doctor found issues in 3 categories.
