Resolving dependencies...
Downloading packages...
  async 2.11.0 (2.13.1 available)
  boolean_selector 2.1.1 (2.1.2 available)
  camera 0.11.0+2 (0.12.1 available)
  camera_android_camerax 0.6.10+3 (0.7.5+1 available)
  camera_avfoundation 0.9.19 (0.11.0 available)
  camera_platform_interface 2.10.0 (2.14.0 available)
  camera_web 0.3.5 (0.3.5+6 available)
  characters 1.3.0 (1.4.1 available)
  clock 1.1.1 (1.1.3 available)
  collection 1.18.0 (1.19.1 available)
  cross_file 0.3.4+2 (0.4.0 available)
  equatable 2.1.0 (3.0.0 available)
  fake_async 1.3.1 (1.3.3 available)
  ffi 2.1.3 (2.2.0 available)
  flutter_lints 4.0.0 (6.0.0 available)
  flutter_plugin_android_lifecycle 2.0.26 (2.0.35 available)
  flutter_riverpod 2.6.1 (3.4.3 available)
  google_mlkit_commons 0.11.0 (0.13.0 available)
  google_mlkit_face_detection 0.13.1 (0.15.1 available)
  intl 0.19.0 (0.20.3 available)
  leak_tracker 10.0.5 (11.0.2 available)
  leak_tracker_flutter_testing 3.0.5 (3.0.10 available)
  leak_tracker_testing 3.0.1 (3.0.2 available)
  lints 4.0.0 (6.1.0 available)
  matcher 0.12.16+1 (0.12.20 available)
  material_color_utilities 0.11.1 (0.13.1 available)
  meta 1.15.0 (1.19.0 available)
  path 1.9.0 (1.9.1 available)
  path_provider 2.1.5 (2.1.6 available)
  path_provider_android 2.2.15 (2.3.1 available)
  path_provider_foundation 2.4.1 (2.6.0 available)
  path_provider_linux 2.2.1 (2.2.2 available)
  path_provider_platform_interface 2.1.2 (2.1.3 available)
  permission_handler 11.4.0 (13.0.2 available)
  permission_handler_android 12.1.0 (14.1.0 available)
  permission_handler_apple 9.4.10 (9.6.2 available)
  permission_handler_platform_interface 4.3.0 (4.4.1 available)
  permission_handler_windows 0.2.1 (0.2.2 available)
  platform 3.1.6 (3.2.0 available)
  riverpod 2.6.1 (3.4.3 available)
  sensors_plus 6.1.2 (7.1.1 available)
  share_plus 10.1.4 (13.3.1 available)
  share_plus_platform_interface 5.0.2 (7.2.0 available)
  source_span 1.10.0 (1.10.2 available)
  stack_trace 1.11.1 (1.12.2 available)
  stream_channel 2.1.2 (2.1.4 available)
  string_scanner 1.2.0 (1.4.1 available)
  term_glyph 1.2.1 (1.2.2 available)
  test_api 0.7.2 (0.7.14 available)
  tflite_flutter 0.11.0 (0.12.1 available)
  url_launcher_linux 3.2.1 (3.2.3 available)
  url_launcher_web 2.3.3 (2.4.3 available)
  url_launcher_windows 3.1.4 (3.1.6 available)
  vector_math 2.1.4 (2.4.3 available)
  vm_service 14.2.4 (15.3.0 available)
  win32 5.10.1 (6.4.0 available)
Got dependencies!
56 packages have newer versions incompatible with dependency constraints.
Try `flutter pub outdated` for more information.
